// Jest Snapshot v1, https://goo.gl/fbAQLP

exports[`SubmitNewPasswordForm matches snapshot for default state 1`] = `
<DocumentFragment>
  <div
    class="mb-6"
  >
    <div
      class="w-full relative "
    >
      <label
        class="text-base text-gray-700 inline-block mb-2"
        for="newPassword"
        id="newPassword-label"
      >
        Password
      </label>
      <input
        class="form-input border border-gray-300 bg-white mb-2 p-3 w-full focus:ring-teal-100 focus:border-teal-300 disabled:cursor-not-allowed placeholder-gray-400 rounded"
        id="newPassword"
        name="newPassword"
        placeholder="Password 8+ characters"
        type="password"
        value=""
      />
    </div>
  </div>
  <button
    class="inline-flex items-center justify-center gap-2
    border border-transparent
    ring-theme-button-primary
    text-center leading-snug
    rounded-theme-radius
    focus:outline-none focus:ring-1 focus:ring-offset-1 focus:ring-offset-transparent
    transition-all duration-300
    hover:shadow-md hover:cursor-pointer bg-theme-button-primary text-theme-color-on-primary hover:bg-theme-button-primary-hover py-3 px-8"
  >
    Submit
  </button>
</DocumentFragment>
`;
