// Jest Snapshot v1, https://goo.gl/fbAQLP

exports[`Dashboard page matches snapshot 1`] = `
<DocumentFragment>
  <div
    class="m-12"
  >
    <h1
      class="text-4xl"
    >
      Welcome
    </h1>
    <p
      class="text-lg text-gray-500"
    >
      Where would you like to start?
    </p>
  </div>
</DocumentFragment>
`;
