// Jest Snapshot v1, https://goo.gl/fbAQLP

exports[`Countdown matches snapshot for icon 1`] = `
<DocumentFragment>
  <div
    class="flex"
  >
    <div
      class="mr-2 mt-1"
    >
      <div
        class="circular w-6 h-6 relative"
      >
        <div
          class="circle"
        >
          <div
            class="bar right absolute bg-white h-full w-full transform rotate-180 rounded-full clip-rect-bar"
          >
            <div
              class="progress absolute bg-green-500 h-full w-full rounded-full clip-rect-progress transition"
              style="animation: rotate 5s linear both; animation-delay: 5s;"
            />
          </div>
          <div
            class="bar left absolute bg-white h-full w-full rounded-full clip-rect-bar"
          >
            <div
              class="progress absolute bg-green-500 h-full w-full rounded-full clip-rect-progress"
              style="animation: rotate 5s linear both;"
            />
          </div>
        </div>
        <div
          class="w-5 h-5 absolute bg-white top-1/2 left-1/2 -mt-2.5 -ml-2.5 rounded-full"
        />
      </div>
    </div>
    <span
      class="ml-2 text-lg text-gray-400"
    />
  </div>
</DocumentFragment>
`;
