// Jest Snapshot v1, https://goo.gl/fbAQLP

exports[`Step matches snapshot for Default state 1`] = `
<DocumentFragment>
  <div
    class="flex flex-1 pb-4 pt-3 px-2 cursor-default border-t-0"
  >
    <span
      class="flex justify-center p-0.5 w-6 h-6 rounded-2xl text-xs text-white bg-teal-700"
    >
      1
    </span>
    <span
      class="ml-2"
    >
      Default
    </span>
  </div>
</DocumentFragment>
`;
