// Jest Snapshot v1, https://goo.gl/fbAQLP

exports[`Steps matches snapshot for nested children 1`] = `
<DocumentFragment>
  <div
    class="w-full"
  >
    <div
      class="flex justify-between"
    >
      <div
        class="flex flex-1 pb-4 pt-3 px-2 cursor-default border-t-4 border-green-500 bg-white"
      >
        <span
          class="flex justify-center p-0.5 w-6 h-6 rounded-2xl text-xs text-white bg-teal-700"
        >
          1
        </span>
        <span
          class="ml-2"
        >
          Amount
        </span>
      </div>
      <div
        class="flex flex-1 pb-4 pt-3 px-2 cursor-default border-t-4 border-transparent"
      >
        <span
          class="flex justify-center p-0.5 w-6 h-6 rounded-2xl text-xs text-white bg-teal-700"
        >
          2
        </span>
        <span
          class="ml-2"
        >
          Beneficiary
        </span>
      </div>
      <div
        class="flex flex-1 pb-4 pt-3 px-2 cursor-default border-t-4 border-transparent"
      >
        <span
          class="flex justify-center p-0.5 w-6 h-6 rounded-2xl text-xs text-white bg-teal-700"
        >
          3
        </span>
        <span
          class="ml-2"
        >
          Confirm & Pay
        </span>
      </div>
    </div>
    <div>
      <form
        data-testid="form"
      >
        <h1>
          Form 1
        </h1>
        <button>
          Continue
        </button>
      </form>
    </div>
  </div>
</DocumentFragment>
`;
