// Jest Snapshot v1, https://goo.gl/fbAQLP

exports[`Quote Form matches snapshot 1`] = `
<DocumentFragment>
  <form
    class="space-y-6"
  >
    <h1
      class="block w-full text-theme-color-on-surface text-2xl"
    >
      How much would you like to transfer?
    </h1>
    <div
      class="w-full relative "
    >
      <label
        class="text-base text-gray-700 inline-block mb-2"
        for="sell"
        id="sell"
      >
        You send
      </label>
      <div
        class="flex items-stretch"
      >
        <div
          class="w-full relative "
        >
          <input
            class="form-input border border-gray-300 bg-white mb-2 p-3 w-full focus:ring-teal-100 focus:border-teal-300 disabled:cursor-not-allowed placeholder-gray-400 rounded-l"
            id="sell_amount"
            name="sell_amount"
            type="text"
            value="1000"
          />
        </div>
        <div
          class="w-40"
        >
          <div
            class="w-full relative "
          >
            <button
              aria-expanded="false"
              aria-haspopup="listbox"
              aria-labelledby="downshift-0-label downshift-0-toggle-button"
              class="form-select border border-gray-300 focus:ring-teal-100 focus:border-teal-300 disabled:cursor-not-allowed w-full mb-2 p-3 text-left whitespace-nowrap text-theme-color-on-primary bg-theme-color-primary rounded-r"
              data-testid="sell_currency"
              id="downshift-0-toggle-button"
              name="sell_currency"
              type="button"
              value="GBP"
            >
              <div
                class="flex space-x-2"
              >
                <span
                  class="flag-icon-gb pl-6 bg-left bg-contain bg-no-repeat"
                />
                <span>
                  GBP
                </span>
              </div>
            </button>
            <ul
              aria-labelledby="downshift-0-label"
              class="absolute max-h-56 mt-1 overflow-auto z-10 w-full"
              id="downshift-0-menu"
              role="listbox"
              tabindex="-1"
            />
          </div>
        </div>
      </div>
    </div>
    <div
      class="w-full relative "
    >
      <label
        class="text-base text-gray-700 inline-block mb-2"
        for="buy"
        id="buy"
      >
        They recieve
      </label>
      <div
        class="flex items-stretch"
      >
        <div
          class="w-full relative "
        >
          <input
            class="form-input border border-gray-300 bg-white mb-2 p-3 w-full focus:ring-teal-100 focus:border-teal-300 disabled:cursor-not-allowed placeholder-gray-400 rounded-l"
            id="buy_amount"
            name="buy_amount"
            type="text"
            value=""
          />
        </div>
        <div
          class="w-40"
        >
          <div
            class="w-full relative "
          >
            <button
              aria-expanded="false"
              aria-haspopup="listbox"
              aria-labelledby="downshift-1-label downshift-1-toggle-button"
              class="form-select border border-gray-300 focus:ring-teal-100 focus:border-teal-300 disabled:cursor-not-allowed w-full mb-2 p-3 text-left whitespace-nowrap text-theme-color-on-primary bg-theme-color-primary rounded-r"
              data-testid="buy_currency"
              id="downshift-1-toggle-button"
              name="buy_currency"
              type="button"
              value="EUR"
            >
              <div
                class="flex space-x-2"
              >
                <span
                  class="flag-icon-eu pl-6 bg-left bg-contain bg-no-repeat"
                />
                <span>
                  EUR
                </span>
              </div>
            </button>
            <ul
              aria-labelledby="downshift-1-label"
              class="absolute max-h-56 mt-1 overflow-auto z-10 w-full"
              id="downshift-1-menu"
              role="listbox"
              tabindex="-1"
            />
          </div>
        </div>
      </div>
    </div>
    <div
      class="flex justify-between"
    >
      <p
        class="text-lg text-theme-color-on-surface"
      >
        Exchange rate
      </p>
      <div
        class="flex"
      >
        <div
          class="flex"
        >
          <div
            class="mr-2 mt-1"
          >
            <div
              class="circular w-6 h-6 relative"
            >
              <div
                class="circle"
              >
                <div
                  class="bar right absolute bg-white h-full w-full transform rotate-180 rounded-full clip-rect-bar"
                >
                  <div
                    class="progress absolute bg-green-500 h-full w-full rounded-full clip-rect-progress transition"
                    style="animation: rotate 10s linear both; animation-delay: 10s;"
                  />
                </div>
                <div
                  class="bar left absolute bg-white h-full w-full rounded-full clip-rect-bar"
                >
                  <div
                    class="progress absolute bg-green-500 h-full w-full rounded-full clip-rect-progress"
                    style="animation: rotate 10s linear both;"
                  />
                </div>
              </div>
              <div
                class="w-5 h-5 absolute bg-white top-1/2 left-1/2 -mt-2.5 -ml-2.5 rounded-full"
              />
            </div>
          </div>
          <span
            class="ml-2 text-lg text-gray-400"
          />
        </div>
      </div>
    </div>
    <div
      class="flex justify-between space-x-4 border-t border-gray-200 py-6"
    >
      <span
        class="text-sm text-gray-500"
      >
        The rate quoted is a live rate, valid for 20 seconds. You will be asked to accept a confirmed rate as part of the transfer process.
      </span>
      <button
        class="inline-flex items-center justify-center
    border border-transparent
    ring-theme-button-primary
    text-center leading-snug
    rounded-theme-radius
    focus:outline-none focus:ring-2 focus:ring-offset-2
    transition-all duration-300
    hover:shadow-md hover:cursor-pointer bg-theme-button-primary text-theme-color-on-primary hover:bg-theme-button-primary-hover py-3 px-8"
      >
        Continue
      </button>
    </div>
  </form>
</DocumentFragment>
`;
