// Jest Snapshot v1, https://goo.gl/fbAQLP

exports[`NewPasswordForm matches snapshot 1`] = `
<DocumentFragment>
  <div
    class="w-full relative "
  >
    <label
      class="text-base text-gray-700 inline-block mb-2"
      for="email"
      id="email-label"
    >
      Email address
    </label>
    <input
      class="form-input border border-gray-300 bg-white mb-2 p-3 w-full focus:ring-teal-100 focus:border-teal-300 disabled:cursor-not-allowed placeholder-gray-400 rounded"
      id="email"
      name="email"
      placeholder="Enter your email"
      type="email"
      value=""
    />
  </div>
  <div
    class="w-full relative "
  >
    <label
      class="text-base text-gray-700 inline-block mb-2"
      for="newPassword"
      id="newPassword-label"
    >
      Change your password
    </label>
    <input
      class="form-input border border-gray-300 bg-white mb-2 p-3 w-full focus:ring-teal-100 focus:border-teal-300 disabled:cursor-not-allowed placeholder-gray-400 rounded"
      id="newPassword"
      name="newPassword"
      placeholder="Enter your new password"
      type="password"
      value=""
    />
  </div>
  <button
    class="inline-flex items-center justify-center gap-2
    border border-transparent
    ring-theme-button-primary
    text-center leading-snug
    rounded-theme-radius
    focus:outline-none focus:ring-1 focus:ring-offset-1 focus:ring-offset-transparent
    transition-all duration-300
    hover:shadow-md hover:cursor-pointer bg-theme-button-primary text-theme-color-on-primary hover:bg-theme-button-primary-hover py-3 px-8"
  >
    Set new password
  </button>
</DocumentFragment>
`;
